
> chess-arena-backend@1.0.0 build
> prisma generate && tsc

Environment variables loaded from .env
Prisma schema loaded from prisma/schema.prisma

✔ Generated Prisma Client (v6.2.1) to ./node_modules/@prisma/client in 771ms

Start by importing your Prisma Client (See: https://pris.ly/d/importing-client)

Help us improve the Prisma ORM for everyone. Share your feedback in a short 2-min survey: https://pris.ly/orm/survey/release-5-22

